// Jest Snapshot v1, https://goo.gl/fbAQLP

exports[`<List /> Should render 1`] = `
<section
  className="sc-bdVaJa bxcuYP"
/>
`;

exports[`<List /> Should render items 1`] = `
<section
  className="sc-bdVaJa bxcuYP"
>
  <ListItem
    creationDate="2007-05-16"
    id={1}
    name="Commodo.mp3"
    status="In Process"
  />
</section>
`;
